src/routes/index.tsx(2,45): error TS6133: 'Lightbulb' is declared but its value is never read.
src/routes/services/3d-printing.tsx(4,1): error TS6192: All imports in import declaration are unused.
src/routes/services/edible-printing.tsx(3,16): error TS6133: 'CardContent' is declared but its value is never read.
src/routes/services/edible-printing.tsx(4,10): error TS6133: 'ArrowRight' is declared but its value is never read.
